[2026-05-19 23:04:39,996] INFO     __main__ - ======================================================================
[2026-05-19 23:04:39,997] INFO     __main__ -   SiW PREPROCESSING PIPELINE
[2026-05-19 23:04:39,997] INFO     __main__ - ======================================================================
[2026-05-19 23:04:39,997] INFO     __main__ - Raw data dir  : D:\Deeplearning\face-attendance-system\data\anti-spoof\raw\SiW
[2026-05-19 23:04:39,997] INFO     __main__ - Output dir    : D:\Deeplearning\face-attendance-system\dataset
[2026-05-19 23:04:39,997] INFO     __main__ - Dataset name  : SiW
[2026-05-19 23:04:39,998] INFO     __main__ - Image size    : 224x224
[2026-05-19 23:04:39,998] INFO     __main__ - Strategy      : Keep original split (train/val/test) from raw data
[2026-05-19 23:04:39,999] INFO     __main__ - 
[2026-05-19 23:04:39,999] INFO     __main__ - >> STEP 1/6 - Face Alignment (MTCNN Verify + Align + Resize)
[2026-05-19 23:04:39,999] INFO     __main__ - 
[2026-05-19 23:04:39,999] INFO     __main__ -   [train/real] (real -> live)
[2026-05-19 23:04:40,158] INFO     preprocessing.face_alignment -   Processing 4876 images in 'real'...
[2026-05-19 23:04:40,400] INFO     preprocessing.face_alignment - MTCNN detector ready (face_alignment).
[2026-05-19 23:04:51,412] INFO     preprocessing.face_alignment -     Processed 200/4876 images...
[2026-05-19 23:05:01,644] INFO     preprocessing.face_alignment -     Processed 400/4876 images...
[2026-05-19 23:05:12,213] INFO     preprocessing.face_alignment -     Processed 600/4876 images...
[2026-05-19 23:05:22,412] INFO     preprocessing.face_alignment -     Processed 800/4876 images...
[2026-05-19 23:05:35,484] INFO     preprocessing.face_alignment -     Processed 1000/4876 images...
[2026-05-19 23:05:44,063] INFO     preprocessing.face_alignment -     Processed 1200/4876 images...
[2026-05-19 23:05:55,052] INFO     preprocessing.face_alignment -     Processed 1400/4876 images...
[2026-05-19 23:06:06,893] INFO     preprocessing.face_alignment -     Processed 1600/4876 images...
[2026-05-19 23:06:17,556] INFO     preprocessing.face_alignment -     Processed 1800/4876 images...
[2026-05-19 23:06:27,618] INFO     preprocessing.face_alignment -     Processed 2000/4876 images...
[2026-05-19 23:06:36,601] INFO     preprocessing.face_alignment -     Processed 2200/4876 images...
[2026-05-19 23:06:44,943] INFO     preprocessing.face_alignment -     Processed 2400/4876 images...
[2026-05-19 23:06:54,922] INFO     preprocessing.face_alignment -     Processed 2600/4876 images...
[2026-05-19 23:07:05,539] INFO     preprocessing.face_alignment -     Processed 2800/4876 images...
[2026-05-19 23:07:14,553] INFO     preprocessing.face_alignment -     Processed 3000/4876 images...
[2026-05-19 23:07:22,671] INFO     preprocessing.face_alignment -     Processed 3200/4876 images...
[2026-05-19 23:07:31,911] INFO     preprocessing.face_alignment -     Processed 3400/4876 images...
[2026-05-19 23:07:41,194] INFO     preprocessing.face_alignment -     Processed 3600/4876 images...
[2026-05-19 23:07:50,207] INFO     preprocessing.face_alignment -     Processed 3800/4876 images...
[2026-05-19 23:08:00,924] INFO     preprocessing.face_alignment -     Processed 4000/4876 images...
[2026-05-19 23:08:10,939] INFO     preprocessing.face_alignment -     Processed 4200/4876 images...
[2026-05-19 23:08:20,293] INFO     preprocessing.face_alignment -     Processed 4400/4876 images...
[2026-05-19 23:08:29,941] INFO     preprocessing.face_alignment -     Processed 4600/4876 images...
[2026-05-19 23:08:39,117] INFO     preprocessing.face_alignment -     Processed 4800/4876 images...
[2026-05-19 23:08:42,868] INFO     preprocessing.face_alignment -   Done: 4876 aligned, 0 resized-only, 0 failed (total: 4876)
[2026-05-19 23:08:42,871] INFO     __main__ - 
[2026-05-19 23:08:42,872] INFO     __main__ -   [train/spoof] (spoof -> spoof)
[2026-05-19 23:08:42,904] INFO     preprocessing.face_alignment -   Processing 1210 images in 'spoof'...
[2026-05-19 23:08:53,684] INFO     preprocessing.face_alignment -     Processed 200/1210 images...
[2026-05-19 23:09:03,497] INFO     preprocessing.face_alignment -     Processed 400/1210 images...
[2026-05-19 23:09:13,444] INFO     preprocessing.face_alignment -     Processed 600/1210 images...
[2026-05-19 23:09:23,144] INFO     preprocessing.face_alignment -     Processed 800/1210 images...
[2026-05-19 23:09:32,287] INFO     preprocessing.face_alignment -     Processed 1000/1210 images...
[2026-05-19 23:09:41,106] INFO     preprocessing.face_alignment -     Processed 1200/1210 images...
[2026-05-19 23:09:41,556] INFO     preprocessing.face_alignment -   Done: 1210 aligned, 0 resized-only, 0 failed (total: 1210)
[2026-05-19 23:09:41,556] INFO     __main__ - 
[2026-05-19 23:09:41,557] INFO     __main__ -   [val/real] (real -> live)
[2026-05-19 23:09:41,573] INFO     preprocessing.face_alignment -   Processing 600 images in 'real'...
[2026-05-19 23:09:50,649] INFO     preprocessing.face_alignment -     Processed 200/600 images...
[2026-05-19 23:09:59,362] INFO     preprocessing.face_alignment -     Processed 400/600 images...
[2026-05-19 23:10:08,073] INFO     preprocessing.face_alignment -     Processed 600/600 images...
[2026-05-19 23:10:08,073] INFO     preprocessing.face_alignment -   Done: 600 aligned, 0 resized-only, 0 failed (total: 600)
[2026-05-19 23:10:08,074] INFO     __main__ - 
[2026-05-19 23:10:08,074] INFO     __main__ -   [val/spoof] (spoof -> spoof)
[2026-05-19 23:10:08,078] INFO     preprocessing.face_alignment -   Processing 150 images in 'spoof'...
[2026-05-19 23:10:14,990] INFO     preprocessing.face_alignment -   Done: 150 aligned, 0 resized-only, 0 failed (total: 150)
[2026-05-19 23:10:14,990] INFO     __main__ - 
[2026-05-19 23:10:14,990] INFO     __main__ -   [test/real] (real -> live)
[2026-05-19 23:10:15,079] INFO     preprocessing.face_alignment -   Processing 600 images in 'real'...
[2026-05-19 23:10:24,902] INFO     preprocessing.face_alignment -     Processed 200/600 images...
[2026-05-19 23:10:33,753] INFO     preprocessing.face_alignment -     Processed 400/600 images...
[2026-05-19 23:10:42,089] INFO     preprocessing.face_alignment -     Processed 600/600 images...
[2026-05-19 23:10:42,090] INFO     preprocessing.face_alignment -   Done: 600 aligned, 0 resized-only, 0 failed (total: 600)
[2026-05-19 23:10:42,090] INFO     __main__ - 
[2026-05-19 23:10:42,090] INFO     __main__ -   [test/spoof] (spoof -> spoof)
[2026-05-19 23:10:42,094] INFO     preprocessing.face_alignment -   Processing 150 images in 'spoof'...
[2026-05-19 23:10:49,116] INFO     preprocessing.face_alignment -   Done: 150 aligned, 0 resized-only, 0 failed (total: 150)
[2026-05-19 23:10:49,116] INFO     __main__ - 
[2026-05-19 23:10:49,116] INFO     __main__ - >> STEP 2/6 - Data Cleaning (Corrupt + Blur)
[2026-05-19 23:10:49,117] INFO     __main__ -   Cleaning [train]...
[2026-05-19 23:11:52,054] INFO     __main__ -     Removed: 0 corrupt, 890 blur
[2026-05-19 23:11:52,055] INFO     __main__ -   Cleaning [val]...
[2026-05-19 23:12:02,570] INFO     __main__ -     Removed: 0 corrupt, 79 blur
[2026-05-19 23:12:02,571] INFO     __main__ -   Cleaning [test]...
[2026-05-19 23:12:13,285] INFO     __main__ -     Removed: 0 corrupt, 59 blur
[2026-05-19 23:12:13,285] INFO     __main__ -   Total cleaning: 0 corrupt + 1028 blur removed
[2026-05-19 23:12:13,285] INFO     __main__ - 
[2026-05-19 23:12:13,285] INFO     __main__ - >> STEP 3/6 - Copy to Output (Keep original split)
[2026-05-19 23:12:17,809] INFO     __main__ -   [train] Copied: 2497 live, 1034 spoof
[2026-05-19 23:12:18,812] INFO     __main__ -   [val] Copied: 542 live, 129 spoof
[2026-05-19 23:12:19,779] INFO     __main__ -   [test] Copied: 557 live, 134 spoof
[2026-05-19 23:12:19,779] INFO     __main__ - 
[2026-05-19 23:12:19,779] INFO     __main__ - >> STEP 4/6 - Summary Statistics
[2026-05-19 23:12:19,780] INFO     __main__ - --------------------------------------------------
[2026-05-19 23:12:19,780] INFO     __main__ - FACE ALIGNMENT:
[2026-05-19 23:12:19,780] INFO     __main__ -   train/real           : 4876 total, 4876 processed, 0 failed
[2026-05-19 23:12:19,780] INFO     __main__ -   train/spoof          : 1210 total, 1210 processed, 0 failed
[2026-05-19 23:12:19,780] INFO     __main__ -   val/real             : 600 total, 600 processed, 0 failed
[2026-05-19 23:12:19,781] INFO     __main__ -   val/spoof            : 150 total, 150 processed, 0 failed
[2026-05-19 23:12:19,781] INFO     __main__ -   test/real            : 600 total, 600 processed, 0 failed
[2026-05-19 23:12:19,781] INFO     __main__ -   test/spoof           : 150 total, 150 processed, 0 failed
[2026-05-19 23:12:19,781] INFO     __main__ - 
[2026-05-19 23:12:19,781] INFO     __main__ - CLEANING:
[2026-05-19 23:12:19,782] INFO     __main__ -   Corrupted removed : 0
[2026-05-19 23:12:19,782] INFO     __main__ -   Blurry removed    : 1028
[2026-05-19 23:12:19,782] INFO     __main__ - 
[2026-05-19 23:12:19,783] INFO     __main__ - DATASET OUTPUT:
[2026-05-19 23:12:19,783] INFO     __main__ -   train :  3531 images (live=2497, spoof=1034)
[2026-05-19 23:12:19,783] INFO     __main__ -   val   :   671 images (live=542, spoof=129)
[2026-05-19 23:12:19,783] INFO     __main__ -   test  :   691 images (live=557, spoof=134)
[2026-05-19 23:12:19,783] INFO     __main__ -   TOTAL :  4893 images (live=3596, spoof=1297)
[2026-05-19 23:12:19,784] INFO     __main__ - --------------------------------------------------
[2026-05-19 23:12:19,784] INFO     __main__ - 
[2026-05-19 23:12:19,784] INFO     __main__ - >> STEP 5/6 - Create PyTorch DataLoaders
[2026-05-19 23:12:19,824] INFO     preprocessing.dataset_siw - [train] Class distribution (total=8592):
[2026-05-19 23:12:19,825] INFO     preprocessing.dataset_siw -   live     :  6524  (75.9%)
[2026-05-19 23:12:19,825] INFO     preprocessing.dataset_siw -   spoof    :  2068  (24.1%)
[2026-05-19 23:12:19,826] INFO     preprocessing.dataset_siw - WeightedRandomSampler created - weights: {'live': '1.32', 'spoof': '4.15'}
[2026-05-19 23:12:19,853] INFO     preprocessing.dataset_siw - [train] DataLoader ready - 268 batches (batch_size=32).
[2026-05-19 23:12:19,861] INFO     preprocessing.dataset_siw - [val] Class distribution (total=1342):
[2026-05-19 23:12:19,861] INFO     preprocessing.dataset_siw -   live     :  1084  (80.8%)
[2026-05-19 23:12:19,861] INFO     preprocessing.dataset_siw -   spoof    :   258  (19.2%)
[2026-05-19 23:12:19,862] INFO     preprocessing.dataset_siw - [val] DataLoader ready - 42 batches (batch_size=32).
[2026-05-19 23:12:19,870] INFO     preprocessing.dataset_siw - [test] Class distribution (total=1382):
[2026-05-19 23:12:19,870] INFO     preprocessing.dataset_siw -   live     :  1114  (80.6%)
[2026-05-19 23:12:19,870] INFO     preprocessing.dataset_siw -   spoof    :   268  (19.4%)
[2026-05-19 23:12:19,870] INFO     preprocessing.dataset_siw - [test] DataLoader ready - 44 batches (batch_size=32).
[2026-05-19 23:12:19,871] INFO     preprocessing.dataset_siw - Class weights: {'live': 0.6584917228694053, 'spoof': 2.0773694390715667}
[2026-05-19 23:12:19,872] INFO     __main__ - Suggested loss weights (CrossEntropyLoss): [0.6584917306900024, 2.077369451522827]
[2026-05-19 23:12:19,872] INFO     __main__ - 
[2026-05-19 23:12:19,872] INFO     __main__ - >> STEP 6/6 - Visualize
[2026-05-19 23:12:21,411] INFO     preprocessing.visualization - Saved augmented-sample visualization → D:\Deeplearning\face-attendance-system\preprocessing\outputs\augmented_samples_siw_train.png
[2026-05-19 23:12:22,522] INFO     preprocessing.visualization - Saved augmented-sample visualization → D:\Deeplearning\face-attendance-system\preprocessing\outputs\augmented_samples_siw_val.png
[2026-05-19 23:12:23,853] INFO     preprocessing.visualization - Saved augmented-sample visualization → D:\Deeplearning\face-attendance-system\preprocessing\outputs\augmented_samples_siw_test.png
[2026-05-19 23:12:24,008] INFO     preprocessing.visualization - Saved class-distribution chart → D:\Deeplearning\face-attendance-system\preprocessing\outputs\class_distribution_siw.png
[2026-05-19 23:12:24,008] INFO     __main__ - 
[2026-05-19 23:12:24,009] INFO     __main__ - Cleaning up temp directory...
[2026-05-19 23:12:24,805] INFO     __main__ - Deleted temp directory: D:\Deeplearning\face-attendance-system\preprocessing\outputs\siw_processed
[2026-05-19 23:12:24,805] INFO     __main__ - 
[2026-05-19 23:12:24,805] INFO     __main__ - ======================================================================
[2026-05-19 23:12:24,807] INFO     __main__ -   SiW PIPELINE COMPLETED (464.8 s)
[2026-05-19 23:12:24,807] INFO     __main__ - ======================================================================
[2026-05-19 23:12:24,808] INFO     __main__ - Output dataset : D:\Deeplearning\face-attendance-system\dataset
[2026-05-19 23:12:24,808] INFO     __main__ - Output folders :
[2026-05-19 23:12:24,808] INFO     __main__ -   D:\Deeplearning\face-attendance-system\dataset\train\SiW
[2026-05-19 23:12:24,808] INFO     __main__ -   D:\Deeplearning\face-attendance-system\dataset\val\SiW
[2026-05-19 23:12:24,808] INFO     __main__ -   D:\Deeplearning\face-attendance-system\dataset\test\SiW
[2026-05-19 23:12:24,808] INFO     __main__ - Log file       : D:\Deeplearning\face-attendance-system\preprocessing\outputs\pipeline_siw.log
